com\example\webback\business\entity\UserEntity.class
com\example\webback\web\api\v1\UserController.class
com\example\webback\business\enums\WorkoutsTypeEnum.class
com\example\webback\business\service\impl\DietsServiceImpl.class
com\example\webback\web\api\v1\WorkoutsController.class
com\example\webback\business\entity\WorkoutsEntity.class
com\example\webback\business\service\UserService.class
com\example\webback\business\entity\ExerciseEntity.class
com\example\webback\business\entity\Model.class
com\example\webback\business\service\DietsService.class
com\example\webback\business\entity\ApproachEntity.class
com\example\webback\business\entity\ParentEntity.class
com\example\webback\business\service\impl\WorkoutsServiceImpl.class
com\example\webback\WebBackApplication.class
com\example\webback\business\entity\EatingEntity.class
com\example\webback\business\enums\DietsTypeEnum.class
com\example\webback\utils\ApiConstantUtils.class
com\example\webback\business\enums\ExerciseTypeEnum.class
com\example\webback\business\service\impl\UserServiceImpl.class
com\example\webback\business\entity\DietsEntity.class
com\example\webback\business\enums\ComplexityEnum.class
com\example\webback\business\service\WorkoutsService.class
com\example\webback\web\api\v1\DietsController.class
