C:\Users\Alexander\IdeaProjects\web-back\src\main\java\com\example\webback\business\entity\UserEntity.java
C:\Users\Alexander\IdeaProjects\web-back\src\main\java\com\example\webback\web\api\v1\DietsController.java
C:\Users\Alexander\IdeaProjects\web-back\src\main\java\com\example\webback\business\enums\ComplexityEnum.java
C:\Users\Alexander\IdeaProjects\web-back\src\main\java\com\example\webback\business\service\UserService.java
C:\Users\Alexander\IdeaProjects\web-back\src\main\java\com\example\webback\business\entity\Model.java
C:\Users\Alexander\IdeaProjects\web-back\src\main\java\com\example\webback\business\service\impl\DietsServiceImpl.java
C:\Users\Alexander\IdeaProjects\web-back\src\main\java\com\example\webback\utils\ApiConstantUtils.java
C:\Users\Alexander\IdeaProjects\web-back\src\main\java\com\example\webback\business\enums\DietsTypeEnum.java
C:\Users\Alexander\IdeaProjects\web-back\src\main\java\com\example\webback\web\api\v1\WorkoutsController.java
C:\Users\Alexander\IdeaProjects\web-back\src\main\java\com\example\webback\business\enums\ExerciseTypeEnum.java
C:\Users\Alexander\IdeaProjects\web-back\src\main\java\com\example\webback\business\service\impl\UserServiceImpl.java
C:\Users\Alexander\IdeaProjects\web-back\src\main\java\com\example\webback\business\entity\ParentEntity.java
C:\Users\Alexander\IdeaProjects\web-back\src\main\java\com\example\webback\business\entity\WorkoutsEntity.java
C:\Users\Alexander\IdeaProjects\web-back\src\main\java\com\example\webback\business\entity\DietsEntity.java
C:\Users\Alexander\IdeaProjects\web-back\src\main\java\com\example\webback\business\service\impl\WorkoutsServiceImpl.java
C:\Users\Alexander\IdeaProjects\web-back\src\main\java\com\example\webback\business\entity\ExerciseEntity.java
C:\Users\Alexander\IdeaProjects\web-back\src\main\java\com\example\webback\WebBackApplication.java
C:\Users\Alexander\IdeaProjects\web-back\src\main\java\com\example\webback\web\api\v1\UserController.java
C:\Users\Alexander\IdeaProjects\web-back\src\main\java\com\example\webback\business\entity\ApproachEntity.java
C:\Users\Alexander\IdeaProjects\web-back\src\main\java\com\example\webback\business\service\WorkoutsService.java
C:\Users\Alexander\IdeaProjects\web-back\src\main\java\com\example\webback\business\enums\WorkoutsTypeEnum.java
C:\Users\Alexander\IdeaProjects\web-back\src\main\java\com\example\webback\business\service\DietsService.java
C:\Users\Alexander\IdeaProjects\web-back\src\main\java\com\example\webback\business\entity\EatingEntity.java
